2026-05-13 03:49:51,529 [INFO] Activator:176 - 


2026-05-13 03:49:51,531 [INFO] Activator:177 - !SESSION log4j initialized
2026-05-13 03:49:53,055 [INFO] LogOutputStream:77 - [STDOUT_REDIRECT] 
2026-05-13 03:49:54,906 [INFO] ApplicationProperties:184 - Using Application install path: /home/duncan/st/stm32cubeide_1.19.0/plugins/com.st.stm32cube.common.mx_6.15.0.202507011659
2026-05-13 03:49:54,919 [INFO] DbMcusXml:78 - Set database path to: /home/duncan/st/stm32cubeide_1.19.0/plugins/com.st.stm32cube.common.mx_6.15.0.202507011659//db//mcu/
2026-05-13 03:49:54,919 [INFO] ApiDb:274 - Set plugin database path to: /home/duncan/st/stm32cubeide_1.19.0/plugins/com.st.stm32cube.common.mx_6.15.0.202507011659//db//plugins/boardmanager/
2026-05-13 03:49:54,920 [WARN] ApiDb:259 - Overriding images path with different value:  => /home/duncan/st/stm32cubeide_1.19.0/plugins/com.st.stm32cube.common.mx_6.15.0.202507011659//db//plugins/mcufinder/images/
2026-05-13 03:49:54,924 [INFO] ApiDb:250 - Set database path to: /home/duncan/.stmcufinder/plugins/mcufinder//mcu/
2026-05-13 03:49:54,925 [INFO] DbMcusAds:125 - Set database path to: /home/duncan/.stmcufinder/plugins/mcufinder//mcu/
2026-05-13 03:49:54,926 [INFO] CrossReferenceDbSqlite:203 - Set database path to: /home/duncan/.stmcufinder/plugins/mcufinder//mcu/cs/
2026-05-13 03:49:55,024 [INFO] RulesReader:64 - Compatibility file has been processed (317 Rules)
2026-05-13 03:49:55,074 [INFO] DbMcusXml:78 - Set database path to: /home/duncan/st/stm32cubeide_1.19.0/plugins/com.st.stm32cube.common.mx_6.15.0.202507011659//db//mcu/
2026-05-13 03:49:55,074 [INFO] ApiDb:274 - Set plugin database path to: /home/duncan/st/stm32cubeide_1.19.0/plugins/com.st.stm32cube.common.mx_6.15.0.202507011659//db//plugins/boardmanager/
2026-05-13 03:49:55,074 [INFO] ApiDb:261 - Set plugin images path to: /home/duncan/st/stm32cubeide_1.19.0/plugins/com.st.stm32cube.common.mx_6.15.0.202507011659//db//plugins/mcufinder/images/
2026-05-13 03:49:55,075 [WARN] DbFile:41 - Overriding database path with different value: /home/duncan/.stmcufinder/plugins/mcufinder/ => /home/duncan/.stmcufinder/plugins/mcufinder
2026-05-13 03:49:55,075 [INFO] ApiDb:250 - Set database path to: /home/duncan/.stmcufinder/plugins/mcufinder//mcu/
2026-05-13 03:49:55,075 [WARN] DbFile:41 - Overriding database path with different value: /home/duncan/.stmcufinder/plugins/mcufinder/ => /home/duncan/.stmcufinder/plugins/mcufinder
2026-05-13 03:49:55,075 [INFO] DbMcusAds:125 - Set database path to: /home/duncan/.stmcufinder/plugins/mcufinder//mcu/
2026-05-13 03:49:55,075 [WARN] DbFile:41 - Overriding database path with different value: /home/duncan/.stmcufinder/plugins/mcufinder/ => /home/duncan/.stmcufinder/plugins/mcufinder
2026-05-13 03:49:55,075 [WARN] DbFile:41 - Overriding database path with different value: /home/duncan/.stmcufinder/plugins/mcufinder/ => /home/duncan/.stmcufinder/plugins/mcufinder
2026-05-13 03:49:55,075 [INFO] CrossReferenceDbSqlite:203 - Set database path to: /home/duncan/.stmcufinder/plugins/mcufinder//mcu/cs/
2026-05-13 03:49:55,130 [INFO] MainPanel:274 - HeapMemory: 268435456
2026-05-13 03:49:55,344 [INFO] DbMcusXml:78 - Set database path to: /home/duncan/st/stm32cubeide_1.19.0/plugins/com.st.stm32cube.common.mx_6.15.0.202507011659//db//mcu/
2026-05-13 03:49:55,344 [INFO] ApiDb:274 - Set plugin database path to: /home/duncan/st/stm32cubeide_1.19.0/plugins/com.st.stm32cube.common.mx_6.15.0.202507011659//db//plugins/boardmanager/
2026-05-13 03:49:55,345 [INFO] ApiDb:261 - Set plugin images path to: /home/duncan/st/stm32cubeide_1.19.0/plugins/com.st.stm32cube.common.mx_6.15.0.202507011659//db//plugins/mcufinder/images/
2026-05-13 03:49:55,345 [WARN] DbFile:41 - Overriding database path with different value: /home/duncan/.stmcufinder/plugins/mcufinder/ => /home/duncan/.stmcufinder/plugins/mcufinder
2026-05-13 03:49:55,345 [INFO] ApiDb:250 - Set database path to: /home/duncan/.stmcufinder/plugins/mcufinder//mcu/
2026-05-13 03:49:55,345 [WARN] DbFile:41 - Overriding database path with different value: /home/duncan/.stmcufinder/plugins/mcufinder/ => /home/duncan/.stmcufinder/plugins/mcufinder
2026-05-13 03:49:55,346 [INFO] DbMcusAds:125 - Set database path to: /home/duncan/.stmcufinder/plugins/mcufinder//mcu/
2026-05-13 03:49:55,346 [WARN] DbFile:41 - Overriding database path with different value: /home/duncan/.stmcufinder/plugins/mcufinder/ => /home/duncan/.stmcufinder/plugins/mcufinder
2026-05-13 03:49:55,346 [WARN] DbFile:41 - Overriding database path with different value: /home/duncan/.stmcufinder/plugins/mcufinder/ => /home/duncan/.stmcufinder/plugins/mcufinder
2026-05-13 03:49:55,346 [INFO] CrossReferenceDbSqlite:203 - Set database path to: /home/duncan/.stmcufinder/plugins/mcufinder//mcu/cs/
2026-05-13 03:49:55,364 [INFO] ApplicationProperties:184 - Using Application install path: /home/duncan/st/stm32cubeide_1.19.0/plugins/com.st.stm32cube.common.mx_6.15.0.202507011659
2026-05-13 03:49:55,366 [INFO] PluginManage:196 - Search for loadable plugins [exclusion list=, ]
2026-05-13 03:49:55,367 [INFO] PluginManage:310 - Check plugin analytics
2026-05-13 03:49:55,585 [INFO] AnalyticsPlugin:253 - Accepted Software Licenses: STM32CubeMX.6.17.0
2026-05-13 03:49:55,585 [INFO] AnalyticsPlugin:255 - Accepted CMSIS Pack Licenses: 
2026-05-13 03:49:55,585 [INFO] AnalyticsPlugin:257 - Accepted Firmware Licenses: FW.F4.1.28.0
2026-05-13 03:49:55,588 [INFO] PluginManage:359 - Loaded plugin analytics (category:tool,tabindex:-1)
2026-05-13 03:49:55,588 [INFO] PluginManage:310 - Check plugin cadmodel
2026-05-13 03:49:55,593 [INFO] CADModel:105 - Init CAD model plugin
2026-05-13 03:49:55,593 [INFO] PluginManage:359 - Loaded plugin cadmodel (category:power,tabindex:5)
2026-05-13 03:49:55,593 [INFO] PluginManage:310 - Check plugin clock
2026-05-13 03:49:55,602 [INFO] PluginManage:359 - Loaded plugin clock (category:base,tabindex:2)
2026-05-13 03:49:55,603 [INFO] PluginManage:310 - Check plugin ddr
2026-05-13 03:49:55,604 [INFO] PluginManage:359 - Loaded plugin ddr (category:tool,tabindex:6)
2026-05-13 03:49:55,605 [INFO] PluginManage:310 - Check plugin filemanager
2026-05-13 03:49:55,797 [INFO] PluginManage:359 - Loaded plugin filemanager (category:base,tabindex:10)
2026-05-13 03:49:55,797 [INFO] PluginManage:310 - Check plugin ipmanager
2026-05-13 03:49:55,802 [INFO] PluginManage:359 - Loaded plugin ipmanager (category:base,tabindex:5)
2026-05-13 03:49:55,802 [INFO] PluginManage:310 - Check plugin lpbam
2026-05-13 03:49:55,810 [INFO] PluginManage:359 - Loaded plugin lpbam (category:base,tabindex:0)
2026-05-13 03:49:55,810 [INFO] PluginManage:310 - Check plugin memorymap
2026-05-13 03:49:55,821 [INFO] PluginManage:359 - Loaded plugin memorymap (category:base,tabindex:4)
2026-05-13 03:49:55,822 [INFO] PluginManage:310 - Check plugin pinoutandconfiguration
2026-05-13 03:49:55,828 [INFO] PluginManage:359 - Loaded plugin pinoutandconfiguration (category:base,tabindex:1)
2026-05-13 03:49:55,828 [INFO] PluginManage:310 - Check plugin pinoutconfig
2026-05-13 03:49:55,898 [WARN] SupportedApi:132 - Cannot load RTOS API schema: s4s-elt-must-match.1: The content of 'definitions' must match (annotation?, (simpleType | complexType)?, (unique | key | keyref)*)). A problem was found starting at: attribute.
2026-05-13 03:49:56,007 [INFO] PluginManage:359 - Loaded plugin pinoutconfig (category:base,tabindex:0)
2026-05-13 03:49:56,007 [INFO] PluginManage:310 - Check plugin power
2026-05-13 03:49:56,014 [INFO] PluginManage:359 - Loaded plugin power (category:power,tabindex:4)
2026-05-13 03:49:56,014 [INFO] PluginManage:310 - Check plugin projectmanager
2026-05-13 03:49:56,027 [INFO] PluginManage:359 - Loaded plugin projectmanager (category:projectmanager,tabindex:4)
2026-05-13 03:49:56,027 [INFO] PluginManage:310 - Check plugin rif
2026-05-13 03:49:56,033 [INFO] PluginManage:359 - Loaded plugin rif (category:base,tabindex:3)
2026-05-13 03:49:56,033 [INFO] PluginManage:310 - Check plugin thirdparty
2026-05-13 03:49:56,155 [INFO] PluginManage:359 - Loaded plugin thirdparty (category:base,tabindex:-1)
2026-05-13 03:49:56,155 [WARN] IntegrityCheckThread:84 - waiting for thirdparty lock release [integrity check]
2026-05-13 03:49:56,155 [INFO] PluginManage:310 - Check plugin tools
2026-05-13 03:49:56,155 [INFO] IntegrityCheckThread:86 - entering critical section [integrity check]
2026-05-13 03:49:56,156 [INFO] ThirdPartyUpdaterWithRetryManager:70 - Updater plugin not ready yet. [1/15]
2026-05-13 03:49:56,158 [INFO] PluginManage:359 - Loaded plugin tools (category:base,tabindex:7)
2026-05-13 03:49:56,158 [INFO] PluginManage:310 - Check plugin tutovideos
2026-05-13 03:49:56,334 [INFO] PluginManage:359 - Loaded plugin tutovideos (category:base,tabindex:-1)
2026-05-13 03:49:56,334 [INFO] PluginManage:310 - Check plugin updater
2026-05-13 03:49:56,358 [INFO] PluginManage:359 - Loaded plugin updater (category:base,tabindex:12)
2026-05-13 03:49:56,359 [INFO] PluginManage:310 - Check plugin userauth
2026-05-13 03:49:56,362 [INFO] UserAuth:118 - Init User Auth plugin
2026-05-13 03:49:56,363 [INFO] PluginManage:359 - Loaded plugin userauth (category:base,tabindex:14)
2026-05-13 03:49:56,363 [INFO] PluginManage:283 - PluginManage : Loaded plugins [18]
2026-05-13 03:49:56,515 [INFO] PinOutPanel:1589 - setPackage(No Configuration,No Configuration)
2026-05-13 03:49:56,574 [INFO] CADModel:165 - CPN selected for project level
2026-05-13 03:49:56,574 [INFO] CADModel:114 - Register for checkConnection events
2026-05-13 03:49:56,587 [INFO] IPUIPlugin:80 - create IPUIPlugin
2026-05-13 03:49:56,587 [INFO] PluginManager:220 - loadIPPluginJar : add ddr_ctrl_phy
2026-05-13 03:49:56,589 [INFO] IPUIPlugin:80 - create IPUIPlugin
2026-05-13 03:49:56,590 [INFO] PluginManager:220 - loadIPPluginJar : add radio
2026-05-13 03:49:56,591 [INFO] IPUIPlugin:80 - create IPUIPlugin
2026-05-13 03:49:56,592 [INFO] PluginManager:220 - loadIPPluginJar : add usart
2026-05-13 03:49:56,593 [INFO] IPUIPlugin:80 - create IPUIPlugin
2026-05-13 03:49:56,593 [INFO] PluginManager:220 - loadIPPluginJar : add tsc
2026-05-13 03:49:56,596 [INFO] IPUIPlugin:80 - create IPUIPlugin
2026-05-13 03:49:56,596 [INFO] PluginManager:220 - loadIPPluginJar : add pdm2pcm
2026-05-13 03:49:56,598 [INFO] IPUIPlugin:80 - create IPUIPlugin
2026-05-13 03:49:56,598 [INFO] PluginManager:220 - loadIPPluginJar : add spi
2026-05-13 03:49:56,599 [INFO] IPUIPlugin:80 - create IPUIPlugin
2026-05-13 03:49:56,599 [INFO] PluginManager:220 - loadIPPluginJar : add ltdc
2026-05-13 03:49:56,601 [INFO] IPUIPlugin:80 - create IPUIPlugin
2026-05-13 03:49:56,601 [INFO] PluginManager:220 - loadIPPluginJar : add dfsdm
2026-05-13 03:49:56,602 [INFO] IPUIPlugin:80 - create IPUIPlugin
2026-05-13 03:49:56,603 [INFO] PluginManager:220 - loadIPPluginJar : add aes
2026-05-13 03:49:56,604 [INFO] IPUIPlugin:80 - create IPUIPlugin
2026-05-13 03:49:56,604 [INFO] PluginManager:220 - loadIPPluginJar : add gfxmmu
2026-05-13 03:49:56,606 [INFO] IPUIPlugin:80 - create IPUIPlugin
2026-05-13 03:49:56,606 [INFO] PluginManager:220 - loadIPPluginJar : add ucpd
2026-05-13 03:49:56,608 [INFO] IPUIPlugin:80 - create IPUIPlugin
2026-05-13 03:49:56,608 [INFO] PluginManager:220 - loadIPPluginJar : add extmemmanager
2026-05-13 03:49:56,613 [INFO] IPUIPlugin:80 - create IPUIPlugin
2026-05-13 03:49:56,613 [INFO] PluginManager:220 - loadIPPluginJar : add freertos
2026-05-13 03:49:56,616 [INFO] IPUIPlugin:80 - create IPUIPlugin
2026-05-13 03:49:56,616 [INFO] PluginManager:220 - loadIPPluginJar : add ipddr
2026-05-13 03:49:56,619 [INFO] IPUIPlugin:80 - create IPUIPlugin
2026-05-13 03:49:56,620 [INFO] PluginManager:220 - loadIPPluginJar : add gpio
2026-05-13 03:49:56,621 [INFO] IPUIPlugin:80 - create IPUIPlugin
2026-05-13 03:49:56,621 [INFO] PluginManager:220 - loadIPPluginJar : add cryp
2026-05-13 03:49:56,626 [INFO] IPUIPlugin:80 - create IPUIPlugin
2026-05-13 03:49:56,626 [INFO] PluginManager:220 - loadIPPluginJar : add dma
2026-05-13 03:49:56,628 [INFO] IPUIPlugin:80 - create IPUIPlugin
2026-05-13 03:49:56,628 [INFO] PluginManager:220 - loadIPPluginJar : add lorawan
2026-05-13 03:49:56,630 [INFO] IPUIPlugin:80 - create IPUIPlugin
2026-05-13 03:49:56,630 [INFO] PluginManager:220 - loadIPPluginJar : add i3c
2026-05-13 03:49:56,632 [INFO] IPUIPlugin:80 - create IPUIPlugin
2026-05-13 03:49:56,632 [INFO] PluginManager:220 - loadIPPluginJar : add i2c
2026-05-13 03:49:56,633 [INFO] IPUIPlugin:80 - create IPUIPlugin
2026-05-13 03:49:56,634 [INFO] PluginManager:220 - loadIPPluginJar : add genericplugin
2026-05-13 03:49:56,635 [INFO] IPUIPlugin:80 - create IPUIPlugin
2026-05-13 03:49:56,635 [INFO] PluginManager:220 - loadIPPluginJar : add quadspi
2026-05-13 03:49:56,639 [INFO] IPUIPlugin:80 - create IPUIPlugin
2026-05-13 03:49:56,639 [INFO] PluginManager:220 - loadIPPluginJar : add gic
2026-05-13 03:49:56,645 [INFO] IPUIPlugin:80 - create IPUIPlugin
2026-05-13 03:49:56,645 [INFO] PluginManager:220 - loadIPPluginJar : add mdma
2026-05-13 03:49:56,648 [INFO] IPUIPlugin:80 - create IPUIPlugin
2026-05-13 03:49:56,648 [INFO] PluginManager:220 - loadIPPluginJar : add nvic
2026-05-13 03:49:56,650 [INFO] IPUIPlugin:80 - create IPUIPlugin
2026-05-13 03:49:56,650 [INFO] PluginManager:220 - loadIPPluginJar : add gtzc
2026-05-13 03:49:56,652 [INFO] IPUIPlugin:80 - create IPUIPlugin
2026-05-13 03:49:56,652 [INFO] PluginManager:220 - loadIPPluginJar : add touchsensing
2026-05-13 03:49:56,653 [INFO] IPUIPlugin:80 - create IPUIPlugin
2026-05-13 03:49:56,654 [INFO] PluginManager:220 - loadIPPluginJar : add tracer_emb
2026-05-13 03:49:56,656 [INFO] IPUIPlugin:80 - create IPUIPlugin
2026-05-13 03:49:56,656 [INFO] PluginManager:220 - loadIPPluginJar : add usbx
2026-05-13 03:49:56,662 [INFO] IPUIPlugin:80 - create IPUIPlugin
2026-05-13 03:49:56,662 [INFO] PluginManager:220 - loadIPPluginJar : add adc
2026-05-13 03:49:56,663 [INFO] IPUIPlugin:80 - create IPUIPlugin
2026-05-13 03:49:56,663 [INFO] PluginManager:220 - loadIPPluginJar : add comp
2026-05-13 03:49:56,664 [INFO] IPUIPlugin:80 - create IPUIPlugin
2026-05-13 03:49:56,664 [INFO] PluginManager:220 - loadIPPluginJar : add ts
2026-05-13 03:49:56,666 [INFO] IPUIPlugin:80 - create IPUIPlugin
2026-05-13 03:49:56,666 [INFO] PluginManager:220 - loadIPPluginJar : add can
2026-05-13 03:49:56,667 [INFO] IPUIPlugin:80 - create IPUIPlugin
2026-05-13 03:49:56,667 [INFO] PluginManager:220 - loadIPPluginJar : add hash
2026-05-13 03:49:56,671 [INFO] IPUIPlugin:80 - create IPUIPlugin
2026-05-13 03:49:56,671 [INFO] PluginManager:220 - loadIPPluginJar : add stm32_wpan
2026-05-13 03:49:56,674 [INFO] IPUIPlugin:80 - create IPUIPlugin
2026-05-13 03:49:56,674 [INFO] PluginManager:220 - loadIPPluginJar : add fmc
2026-05-13 03:49:56,675 [INFO] IPUIPlugin:80 - create IPUIPlugin
2026-05-13 03:49:56,675 [INFO] PluginManager:220 - loadIPPluginJar : add fatfs
2026-05-13 03:49:56,676 [INFO] IPUIPlugin:80 - create IPUIPlugin
2026-05-13 03:49:56,676 [INFO] PluginManager:220 - loadIPPluginJar : add dma3
2026-05-13 03:49:56,678 [INFO] IPUIPlugin:80 - create IPUIPlugin
2026-05-13 03:49:56,678 [INFO] PluginManager:220 - loadIPPluginJar : add tim
2026-05-13 03:49:56,680 [INFO] IPUIPlugin:80 - create IPUIPlugin
2026-05-13 03:49:56,680 [INFO] PluginManager:220 - loadIPPluginJar : add openamp
2026-05-13 03:49:56,681 [INFO] IPUIPlugin:80 - create IPUIPlugin
2026-05-13 03:49:56,681 [INFO] PluginManager:220 - loadIPPluginJar : add i2s
2026-05-13 03:49:56,683 [INFO] IPUIPlugin:80 - create IPUIPlugin
2026-05-13 03:49:56,683 [INFO] PluginManager:220 - loadIPPluginJar : add sai
2026-05-13 03:49:56,689 [INFO] IPUIPlugin:80 - create IPUIPlugin
2026-05-13 03:49:56,689 [INFO] PluginManager:220 - loadIPPluginJar : add linkedlist
2026-05-13 03:49:56,693 [INFO] IPUIPlugin:80 - create IPUIPlugin
2026-05-13 03:49:56,695 [INFO] PluginManager:220 - loadIPPluginJar : add plateformsettings
2026-05-13 03:49:56,698 [INFO] IPUIPlugin:80 - create IPUIPlugin
2026-05-13 03:49:56,698 [INFO] PluginManager:220 - loadIPPluginJar : add resmgrutility
2026-05-13 03:49:56,700 [INFO] IPUIPlugin:80 - create IPUIPlugin
2026-05-13 03:49:56,700 [INFO] PluginManager:220 - loadIPPluginJar : add opamp
2026-05-13 03:49:56,802 [FATAL] Updater:351 - Updater called before beeing initialized
2026-05-13 03:49:56,830 [INFO] RulesReader:64 - Compatibility file has been processed (317 Rules)
2026-05-13 03:49:56,842 [INFO] RulesReader:64 - Compatibility file has been processed (317 Rules)
2026-05-13 03:49:56,849 [INFO] CADModel:165 - CPN selected for project level
2026-05-13 03:49:56,849 [INFO] CADModel:114 - Register for checkConnection events
2026-05-13 03:49:56,849 [FATAL] Updater:351 - Updater called before beeing initialized
2026-05-13 03:49:56,849 [ERROR] CADModel:125 - Updater not yet initialized, retry later 
2026-05-13 03:49:56,956 [FATAL] Updater:351 - Updater called before beeing initialized
2026-05-13 03:49:56,957 [INFO] CADModel:165 - CPN selected for project level
2026-05-13 03:49:56,957 [INFO] CADModel:114 - Register for checkConnection events
2026-05-13 03:49:56,958 [FATAL] Updater:351 - Updater called before beeing initialized
2026-05-13 03:49:56,958 [ERROR] CADModel:125 - Updater not yet initialized, retry later 
2026-05-13 03:49:56,961 [FATAL] Updater:351 - Updater called before beeing initialized
2026-05-13 03:49:57,053 [FATAL] Updater:351 - Updater called before beeing initialized
2026-05-13 03:49:57,056 [INFO] DbMcusAds:53 - JSON generation date=Mon Apr 27 10:14:29 CEST 2026 (1777277669577)
2026-05-13 03:49:57,056 [FATAL] Updater:351 - Updater called before beeing initialized
2026-05-13 03:49:57,086 [WARN] DetailPanel:346 - Failed to get advertising image, set to default
2026-05-13 03:49:57,160 [FATAL] Updater:351 - Updater called before beeing initialized
2026-05-13 03:49:57,162 [FATAL] Updater:351 - Updater called before beeing initialized
2026-05-13 03:49:57,163 [FATAL] Updater:351 - Updater called before beeing initialized
2026-05-13 03:49:57,163 [WARN] DetailPanel:346 - Failed to get advertising image, set to default
2026-05-13 03:49:57,164 [FATAL] Updater:351 - Updater called before beeing initialized
2026-05-13 03:49:57,194 [ERROR] Updater:1198 - MainUpdater not yet initialized. External WinMGr cannot be set.
2026-05-13 03:49:57,196 [INFO] Updater:1134 - Updater Version found : 6.15.0
2026-05-13 03:49:57,212 [INFO] ApplicationProperties:184 - Using Application install path: /home/duncan/st/stm32cubeide_1.19.0/plugins/com.st.stm32cube.common.mx_6.15.0.202507011659
2026-05-13 03:49:57,239 [INFO] MainUpdater:525 - Copy updater definitions from MX database
2026-05-13 03:49:57,451 [INFO] MainUpdater:2872 - connection check result : 10
2026-05-13 03:49:57,451 [INFO] MainUpdater:3604 - Updater definition file requires update
2026-05-13 03:49:57,452 [INFO] MainUpdater:289 - Updater Check For Update Now.
2026-05-13 03:49:57,452 [INFO] MicroXplorer:498 - Change Database Version : DB.6.0.150
2026-05-13 03:49:57,456 [INFO] McuFinderGlobals:63 - Set McuFinder mode to 2 (CubeIDE integrated)
2026-05-13 03:49:57,456 [INFO] UserAuth:171 - activating auth plugin
2026-05-13 03:49:57,459 [INFO] UserAuth:487 - Internet connection configuration mode: 1
2026-05-13 03:49:57,470 [INFO] JxBrowserEngine:152 - Initiate JxBrowser Engine with user profile folder
2026-05-13 03:49:57,479 [INFO] ServerAccessManage:452 - Complete download http(s) 200
2026-05-13 03:49:57,480 [INFO] ServerAccessManage:509 - Download File updaters.zip
2026-05-13 03:49:57,580 [INFO] FileExtend:248 - Unzip File : updaters.zip
2026-05-13 03:49:57,580 [INFO] FileExtend:263 - Standard Zip Deflate
2026-05-13 03:49:57,779 [INFO] ServerAccessManage:452 - Complete download http(s) 200
2026-05-13 03:49:57,780 [INFO] ServerAccessManage:509 - Download File PacksControlFlags.xml
2026-05-13 03:49:57,849 [INFO] ServerAccessManage:452 - Complete download http(s) 200
2026-05-13 03:49:57,850 [INFO] ServerAccessManage:509 - Download File cubemx.pidx
2026-05-13 03:49:57,989 [INFO] LoadServerUpdatesThread:375 - End of LoadServerUpdate Thread
2026-05-13 03:49:58,161 [INFO] CheckServerUpdateThread:120 - End of CheckServer Thread
2026-05-13 03:49:58,464 [INFO] WebApp:169 - Instantiating new browser for Auth
2026-05-13 03:49:59,187 [INFO] WebApp:463 - Apply proxy settings
2026-05-13 03:49:59,187 [INFO] WebApp:548 - Chromium requires no authentication
2026-05-13 03:49:59,198 [INFO] WebApp:491 - Direct internet connection detected
2026-05-13 03:49:59,227 [INFO] WebApp:900 - Register for checkConnection events
2026-05-13 03:49:59,228 [INFO] WebApp:463 - Apply proxy settings
2026-05-13 03:49:59,228 [INFO] WebApp:548 - Chromium requires no authentication
2026-05-13 03:49:59,229 [INFO] WebApp:491 - Direct internet connection detected
2026-05-13 03:49:59,327 [WARN] PackLoader:240 - Cannot read IP mode file for STMicroelectronics.X-CUBE-AZRTOS-H7.3.5.0
2026-05-13 03:49:59,341 [WARN] PackLoader:240 - Cannot read IP mode file for STMicroelectronics.FP-SNS-MOTENVWB1.1.4.0
2026-05-13 03:49:59,346 [WARN] PackLoader:240 - Cannot read IP mode file for STMicroelectronics.FP-ATR-ASTRA1.2.0.2
2026-05-13 03:49:59,351 [WARN] PackLoader:240 - Cannot read IP mode file for STMicroelectronics.X-CUBE-SMBUS.2.1.0
2026-05-13 03:49:59,355 [WARN] PackLoader:240 - Cannot read IP mode file for STMicroelectronics.X-CUBE-ST60.1.0.0
2026-05-13 03:49:59,382 [WARN] PackLoader:240 - Cannot read IP mode file for STMicroelectronics.X-CUBE-AZRTOS-F7.1.1.0
2026-05-13 03:49:59,390 [WARN] PackLoader:240 - Cannot read IP mode file for Cesanta.I-CUBE-Mongoose.7.19.0
2026-05-13 03:49:59,393 [WARN] PackLoader:240 - Cannot read IP mode file for STMicroelectronics.FP-SNS-MOTENV1.5.1.0
2026-05-13 03:49:59,402 [WARN] PackLoader:240 - Cannot read IP mode file for WES.I-CUBE-Cesium.1.4.0
2026-05-13 03:49:59,407 [INFO] WebApp:225 - Starting web application
2026-05-13 03:49:59,408 [INFO] WebApp:593 - Web application path used /home/duncan/st/stm32cubeide_1.19.0/plugins/com.st.stm32cube.common.mx_6.15.0.202507011659/db/plugins/mcufinder/reactClient1/index.html
2026-05-13 03:49:59,430 [WARN] PackLoader:240 - Cannot read IP mode file for Infineon.AIROC-Wi-Fi-Bluetooth-STM32.1.7.1
2026-05-13 03:49:59,453 [INFO] WebApp:191 - Connection restablished
2026-05-13 03:49:59,477 [WARN] PackLoader:240 - Cannot read IP mode file for STMicroelectronics.X-CUBE-AZRTOS-H7.3.4.0
2026-05-13 03:49:59,491 [WARN] PackLoader:240 - Cannot read IP mode file for STMicroelectronics.X-CUBE-DISPLAY.3.0.0
2026-05-13 03:49:59,507 [WARN] PackLoader:240 - Cannot read IP mode file for STMicroelectronics.X-CUBE-GNSS1.7.1.1
2026-05-13 03:49:59,513 [WARN] PackLoader:240 - Cannot read IP mode file for STMicroelectronics.FP-SNS-MOTENVWB1.1.5.0
2026-05-13 03:49:59,520 [WARN] PackLoader:240 - Cannot read IP mode file for STMicroelectronics.X-CUBE-NFC10.1.0.0
2026-05-13 03:49:59,527 [WARN] PackLoader:240 - Cannot read IP mode file for STMicroelectronics.X-CUBE-ST60.1.1.0
2026-05-13 03:49:59,544 [WARN] PackLoader:240 - Cannot read IP mode file for emotas.I-CUBE-CANOPEN.1.3.0
2026-05-13 03:49:59,550 [WARN] PackLoader:240 - Cannot read IP mode file for STMicroelectronics.X-CUBE-GNSS1.7.1.0
2026-05-13 03:49:59,560 [WARN] PackLoader:240 - Cannot read IP mode file for STMicroelectronics.FP-SNS-STBOX1.2.1.0
2026-05-13 03:49:59,568 [WARN] PackLoader:240 - Cannot read IP mode file for STMicroelectronics.FP-SNS-SMARTAG2.1.2.0
2026-05-13 03:49:59,573 [WARN] PackLoader:240 - Cannot read IP mode file for STMicroelectronics.FP-SNS-FLIGHT1.5.1.0
2026-05-13 03:49:59,586 [INFO] LogOutputStream:77 - [STDOUT_REDIRECT] 1 : Invalid condition id : UX_CORESTACK_Condition cause : null
2026-05-13 03:49:59,586 [INFO] LogOutputStream:77 - [STDOUT_REDIRECT] 1 : Invalid condition id : UX_CORESTACK_Condition cause : null
2026-05-13 03:49:59,587 [INFO] LogOutputStream:77 - [STDOUT_REDIRECT] 1 : Invalid condition id : UX_CORESTACK_Condition cause : null
2026-05-13 03:49:59,587 [INFO] LogOutputStream:77 - [STDOUT_REDIRECT] 1 : Invalid condition id : UX_CORESTACK_Condition cause : null
2026-05-13 03:49:59,588 [INFO] LogOutputStream:77 - [STDOUT_REDIRECT] 1 : Invalid condition id : UX_CORESTACK_Condition cause : null
2026-05-13 03:49:59,591 [WARN] PackLoader:240 - Cannot read IP mode file for STMicroelectronics.X-CUBE-AZRTOS-WL.2.0.0
2026-05-13 03:49:59,597 [WARN] PackLoader:240 - Cannot read IP mode file for STMicroelectronics.FP-SNS-MOTENV1.5.0.0
2026-05-13 03:49:59,618 [WARN] PackLoader:240 - Cannot read IP mode file for STMicroelectronics.X-CUBE-AZRTOS-H7RS.1.2.0
2026-05-13 03:49:59,625 [WARN] PackLoader:240 - Cannot read IP mode file for STMicroelectronics.X-CUBE-BLE2.3.3.0
2026-05-13 03:49:59,641 [WARN] PackLoader:240 - Cannot read IP mode file for STMicroelectronics.X-CUBE-NFC9.1.0.0
2026-05-13 03:49:59,647 [WARN] PackLoader:240 - Cannot read IP mode file for wolfSSL.I-CUBE-wolfSSL.5.8.2
2026-05-13 03:49:59,651 [WARN] PackLoader:240 - Cannot read IP mode file for STMicroelectronics.X-CUBE-BLE1.7.1.0
2026-05-13 03:49:59,653 [WARN] PackLoader:240 - Cannot read IP mode file for wolfSSL.I-CUBE-wolfMQTT.1.19.2
2026-05-13 03:49:59,657 [WARN] PackLoader:240 - Cannot read IP mode file for STMicroelectronics.X-CUBE-FREERTOS.1.4.0
2026-05-13 03:49:59,661 [WARN] PackLoader:240 - Cannot read IP mode file for STMicroelectronics.X-CUBE-EEPRMA1.5.2.0
2026-05-13 03:49:59,665 [WARN] PackLoader:240 - Cannot read IP mode file for STMicroelectronics.X-CUBE-ST67W61.1.1.0
2026-05-13 03:49:59,670 [WARN] PackLoader:240 - Cannot read IP mode file for STMicroelectronics.FP-SNS-STAIOTCFT.1.1.0
2026-05-13 03:49:59,719 [WARN] PackLoader:240 - Cannot read IP mode file for STMicroelectronics.X-CUBE-MEMS1.12.0.0
2026-05-13 03:49:59,821 [WARN] PackLoader:240 - Cannot read IP mode file for STMicroelectronics.X-CUBE-AZRTOS-G0.1.1.0
2026-05-13 03:49:59,828 [WARN] PackLoader:240 - Cannot read IP mode file for STMicroelectronics.X-CUBE-SAFEA1.1.2.2
2026-05-13 03:49:59,833 [WARN] PackLoader:240 - Cannot read IP mode file for STMicroelectronics.X-CUBE-NFC4.3.0.0
2026-05-13 03:49:59,839 [WARN] PackLoader:240 - Cannot read IP mode file for EmbeddedOffice.I-CUBE-FS-RTOS.1.0.1
2026-05-13 03:49:59,844 [WARN] PackLoader:240 - Cannot read IP mode file for STMicroelectronics.X-CUBE-WB05N.2.0.0
2026-05-13 03:49:59,846 [WARN] PackLoader:240 - Cannot read IP mode file for wolfSSL.I-CUBE-wolfTPM.3.8.0
2026-05-13 03:49:59,850 [WARN] PackLoader:240 - Cannot read IP mode file for STMicroelectronics.X-CUBE-TCPP.4.2.0
2026-05-13 03:49:59,853 [WARN] PackLoader:240 - Cannot read IP mode file for RealThread.X-CUBE-RT-Thread_Nano.4.1.1
2026-05-13 03:49:59,856 [WARN] PackLoader:240 - Cannot read IP mode file for STMicroelectronics.FP-ATR-SIGFOX1.3.2.0
2026-05-13 03:49:59,861 [WARN] PackLoader:240 - Cannot read IP mode file for STMicroelectronics.X-CUBE-FREERTOS.1.5.0
2026-05-13 03:49:59,866 [WARN] PackLoader:240 - Cannot read IP mode file for ITTIA_DB.I-CUBE-ITTIADB.8.9.0
2026-05-13 03:49:59,872 [WARN] PackLoader:240 - Cannot read IP mode file for STMicroelectronics.X-CUBE-NFC6.3.2.0
2026-05-13 03:49:59,880 [WARN] PackLoader:240 - Cannot read IP mode file for STMicroelectronics.X-CUBE-ST67W61.1.0.0
2026-05-13 03:49:59,884 [WARN] PackLoader:240 - Cannot read IP mode file for STMicroelectronics.X-CUBE-AI.10.2.0
2026-05-13 03:49:59,942 [WARN] PackLoader:240 - Cannot read IP mode file for STMicroelectronics.X-CUBE-MEMS1.12.1.0
2026-05-13 03:50:00,042 [WARN] PackLoader:240 - Cannot read IP mode file for SEGGER.I-CUBE-embOS.1.3.1
2026-05-13 03:50:00,079 [WARN] PackLoader:240 - Cannot read IP mode file for STMicroelectronics.X-CUBE-ALGOBUILD.1.4.0
2026-05-13 03:50:00,115 [WARN] PackLoader:240 - Cannot read IP mode file for STMicroelectronics.X-CUBE-MEMS1.11.3.0
2026-05-13 03:50:00,208 [WARN] PackLoader:240 - Cannot read IP mode file for STMicroelectronics.X-CUBE-PM33A1.1.0.0
2026-05-13 03:50:00,218 [WARN] PackLoader:240 - Cannot read IP mode file for STMicroelectronics.X-CUBE-AZRTOS-F4.1.1.0
2026-05-13 03:50:00,222 [WARN] PackLoader:240 - Cannot read IP mode file for STMicroelectronics.X-CUBE-ISPU.2.1.0
2026-05-13 03:50:00,240 [WARN] PackLoader:240 - Cannot read IP mode file for STMicroelectronics.X-CUBE-IPS.3.2.0
2026-05-13 03:50:00,250 [WARN] PackLoader:240 - Cannot read IP mode file for STMicroelectronics.eDS-WB_DPC_TT-BIDIR.2.1.1
2026-05-13 03:50:00,255 [WARN] PackLoader:240 - Cannot read IP mode file for STMicroelectronics.X-CUBE-NFC12.1.0.0
2026-05-13 03:50:00,274 [WARN] PackLoader:240 - Cannot read IP mode file for STMicroelectronics.X-CUBE-AZRTOS-L5.2.0.0
2026-05-13 03:50:00,283 [WARN] PackLoader:240 - Cannot read IP mode file for STMicroelectronics.X-CUBE-NFC6.3.1.0
2026-05-13 03:50:00,287 [WARN] PackLoader:240 - Cannot read IP mode file for STMicroelectronics.eDS-WB_DPC_VIENNA.1.2.0
2026-05-13 03:50:00,289 [WARN] PackLoader:240 - Cannot read IP mode file for STMicroelectronics.eDS-WB_DPC_3PH2L-BIDIR.1.1.1
2026-05-13 03:50:00,291 [ERROR] Engine:466 - /home/duncan/.stm32cubemx/thirdparties/pdsc/STMicroelectronics.X-CUBE-ST67W61.1.3.0.pdsc: PDSC version is not supported
2026-05-13 03:50:00,294 [WARN] PackLoader:240 - Cannot read IP mode file for STMicroelectronics.X-CUBE-FREERTOS.1.3.1
2026-05-13 03:50:00,297 [WARN] PackLoader:240 - Cannot read IP mode file for STMicroelectronics.X-CUBE-TOUCHGFX.4.26.0
2026-05-13 03:50:00,298 [WARN] PackLoader:240 - Cannot read IP mode file for STMicroelectronics.X-CUBE-TOUCHGFX.4.26.1
2026-05-13 03:50:00,300 [WARN] PackLoader:240 - Cannot read IP mode file for STMicroelectronics.FP-SNS-STAIOTCFT.1.0.0
2026-05-13 03:50:00,302 [WARN] PackLoader:240 - Cannot read IP mode file for STMicroelectronics.X-CUBE-DPower.1.3.0
2026-05-13 03:50:00,313 [WARN] ConditionMgr:438 - getConditionDescription Invalid condition id : LAN8742 Phy interface Condition cause : null
2026-05-13 03:50:00,313 [WARN] PackLoader:240 - Cannot read IP mode file for STMicroelectronics.X-CUBE-AZRTOS-L4.2.0.0
2026-05-13 03:50:00,314 [WARN] ConditionMgr:1044 - genDependencies : Invalid condition id : LAN8742 Phy interface Condition cause : null
2026-05-13 03:50:00,314 [WARN] ConditionMgr:1044 - genDependencies : Invalid condition id : LAN8742 Phy interface Condition cause : null
2026-05-13 03:50:00,314 [WARN] ConditionMgr:1044 - genDependencies : Invalid condition id : LAN8742 Phy interface Condition cause : null
2026-05-13 03:50:00,318 [WARN] PackLoader:240 - Cannot read IP mode file for STMicroelectronics.X-CUBE-SFXS2LP1.4.0.0
2026-05-13 03:50:00,321 [WARN] PackLoader:240 - Cannot read IP mode file for STMicroelectronics.X-CUBE-WB05N.2.1.0
2026-05-13 03:50:00,326 [WARN] PackLoader:240 - Cannot read IP mode file for STMicroelectronics.X-CUBE-ST67W61.1.2.0
2026-05-13 03:50:00,332 [WARN] PackLoader:240 - Cannot read IP mode file for STMicroelectronics.X-CUBE-BLEMGR.4.1.0
2026-05-13 03:50:00,342 [WARN] ConditionMgr:438 - getConditionDescription Invalid condition id : UX DEVICE CLASS RTOS Condition cause : null
2026-05-13 03:50:00,342 [WARN] ConditionMgr:438 - getConditionDescription Invalid condition id : UX DEVICE CLASS RTOS Condition cause : null
2026-05-13 03:50:00,344 [WARN] PackLoader:240 - Cannot read IP mode file for STMicroelectronics.X-CUBE-AZRTOS-WB.2.0.0
2026-05-13 03:50:00,344 [WARN] ConditionMgr:1044 - genDependencies : Invalid condition id : UX DEVICE CLASS RTOS Condition cause : null
2026-05-13 03:50:00,344 [WARN] ConditionMgr:1044 - genDependencies : Invalid condition id : UX DEVICE CLASS RTOS Condition cause : null
2026-05-13 03:50:00,344 [WARN] ConditionMgr:1044 - genDependencies : Invalid condition id : UX DEVICE CLASS RTOS Condition cause : null
2026-05-13 03:50:00,345 [WARN] ConditionMgr:1044 - genDependencies : Invalid condition id : UX DEVICE CLASS RTOS Condition cause : null
2026-05-13 03:50:00,345 [WARN] ConditionMgr:1044 - genDependencies : Invalid condition id : UX DEVICE CLASS RTOS Condition cause : null
2026-05-13 03:50:00,347 [WARN] PackLoader:240 - Cannot read IP mode file for STMicroelectronics.X-CUBE-GNSS1.7.0.1
2026-05-13 03:50:00,349 [WARN] ConditionMgr:438 - getConditionDescription Invalid condition id : Cortex-A Device cause : null
2026-05-13 03:50:00,354 [WARN] ConditionMgr:1044 - genDependencies : Invalid condition id : Cortex-A Device cause : null
2026-05-13 03:50:00,354 [WARN] ConditionMgr:1044 - genDependencies : Invalid condition id : Cortex-A Device cause : null
2026-05-13 03:50:00,354 [WARN] ConditionMgr:1044 - genDependencies : Invalid condition id : Cortex-A Device cause : null
2026-05-13 03:50:00,358 [WARN] PackLoader:240 - Cannot read IP mode file for STMicroelectronics.X-CUBE-STSE01.2.0.0
2026-05-13 03:50:00,364 [WARN] PackLoader:240 - Cannot read IP mode file for STMicroelectronics.X-CUBE-SUBG2.5.0.0
2026-05-13 03:50:00,378 [WARN] PackLoader:240 - Cannot read IP mode file for STMicroelectronics.X-CUBE-AZRTOS-H7RS.1.1.0
2026-05-13 03:50:00,390 [WARN] PackLoader:240 - Cannot read IP mode file for STMicroelectronics.X-CUBE-AZRTOS-G4.2.0.0
2026-05-13 03:50:00,393 [WARN] PackLoader:240 - Cannot read IP mode file for wolfSSL.I-CUBE-wolfSSH.1.4.20
2026-05-13 03:50:00,395 [WARN] PackLoader:240 - Cannot read IP mode file for STMicroelectronics.X-CUBE-NFC7.2.0.0
2026-05-13 03:50:00,402 [WARN] PackLoader:240 - Cannot read IP mode file for STMicroelectronics.X-CUBE-IPS.3.1.0
2026-05-13 03:50:00,407 [WARN] PackLoader:240 - Cannot read IP mode file for STMicroelectronics.X-CUBE-ALS.1.0.2
2026-05-13 03:50:00,410 [WARN] PackLoader:240 - Cannot read IP mode file for STMicroelectronics.X-CUBE-STSE01.1.0.0
2026-05-13 03:50:00,417 [WARN] PackLoader:240 - Cannot read IP mode file for STMicroelectronics.X-CUBE-TOF1.3.4.3
2026-05-13 03:50:00,424 [INFO] ThirdParty:978 - Integrity check success = true
2026-05-13 03:50:00,424 [INFO] IntegrityCheckThread:100 - exiting critical section [integrity check]
2026-05-13 03:50:00,424 [INFO] IntegrityCheckThread:103 - End integrity checks thread
2026-05-13 03:51:55,526 [ERROR] LogOutputStream:75 - [STDERR_REDIRECT] 
